Scanning dependencies of target cv2_jl
[ 50%] Building CXX object CMakeFiles/cv2_jl.dir/cv2.cpp.o
CMakeFiles/cv2_jl.dir/build.make:62: recipe for target 'CMakeFiles/cv2_jl.dir/cv2.cpp.o' failed
CMakeFiles/Makefile2:67: recipe for target 'CMakeFiles/cv2_jl.dir/all' failed
Makefile:129: recipe for target 'all' failed
